MO transmit_engine_tb NULL transmit_engine_tb.v vlg64/transmit__engine__tb.bin 1445317696
MO embedded_kcpsm3 NULL embedded_kcpsm3.v vlg12/embedded__kcpsm3.bin 1445232616
MO transmit_engine NULL transmit_engine.v vlg03/transmit__engine.bin 1445317696
MO kcpsm3 NULL kcpsm3.v vlg19/kcpsm3.bin 1445232615
MO proj3_TransmitEngine NULL proj3_TransmitEngine.v vlg09/proj3___transmit_engine.bin 1445232617
MO synch_reset NULL synch_reset.v vlg4B/synch__reset.bin 1445232616
MO uart_tx NULL UART_TX.V vlg2B/uart__tx.bin 1445232615
MO proj_2 NULL PROJ_2.V vlg1C/proj__2.bin 1445199579
